\BOOKMARK [1][-]{section.1}{\376\377\000T\036\325\000n\000g\000\040\000q\000u\000a\000n\000\040\000y\000\352\000u\000\040\000c\036\247\000u\000\040\000v\000\340\000\040\000p\000h\001\260\001\241\000n\000g\000\040\000p\000h\000\341\000p\000\040\001\021\000\341\000n\000h\000\040\000g\000i\000\341}{}% 1
\BOOKMARK [2][-]{subsection.1.1}{\376\377\000M\036\345\000c\000\040\000t\000i\000\352\000u\000\040\000b\000\341\000o\000\040\000c\000\341\000o}{section.1}% 2
\BOOKMARK [2][-]{subsection.1.2}{\376\377\000P\000h\036\241\000m\000\040\000v\000i\000\040\000n\036\331\000i\000\040\000d\000u\000n\000g}{section.1}% 3
\BOOKMARK [2][-]{subsection.1.3}{\376\377\000M\000\364\000i\000\040\000t\000r\001\260\036\335\000n\000g\000\040\000t\000h\036\361\000c\000\040\000n\000g\000h\000i\036\307\000m}{section.1}% 4
\BOOKMARK [2][-]{subsection.1.4}{\376\377\000P\000h\001\260\001\241\000n\000g\000\040\000p\000h\000\341\000p\000\040\001\021\000o\000\040\000h\000i\036\307\000u\000\040\000n\001\003\000n\000g}{section.1}% 5
\BOOKMARK [2][-]{subsection.1.5}{\376\377\000T\000\363\000m\000\040\000t\036\257\000t\000\040\000m\000\343\000\040\000n\000g\000u\036\323\000n\000\040\000h\000i\036\307\000n\000\040\000c\000\363}{section.1}% 6
\BOOKMARK [1][-]{section.2}{\376\377\000C\000h\000a\000l\000l\000e\000n\000g\000e\000\040\0001\000:\000\040\000T\000\355\000n\000h\000\040\000t\036\325\000n\000g\000\040\000m\036\243\000n\000g\000\040\000s\036\321\000\040\000n\000g\000u\000y\000\352\000n}{}% 7
\BOOKMARK [2][-]{subsection.2.1}{\376\377\000H\000i\036\307\000n\000\040\000t\000h\036\361\000c\000\040\001\021\000\343\000\040\000x\000\342\000y\000\040\000d\036\361\000n\000g}{section.2}% 8
\BOOKMARK [2][-]{subsection.2.2}{\376\377\000P\000h\000\342\000n\000\040\000t\000\355\000c\000h\000\040\000s\000o\000n\000g\000\040\000s\000o\000n\000g\000\040\000h\000\363\000a}{section.2}% 9
\BOOKMARK [2][-]{subsection.2.3}{\376\377\000T\000h\000i\036\277\000t\000\040\000k\036\277\000\040\000t\000h\000u\036\255\000t\000\040\000t\000o\000\341\000n\000\040\000s\000o\000n\000g\000\040\000s\000o\000n\000g}{section.2}% 10
\BOOKMARK [2][-]{subsection.2.4}{\376\377\000L\001\260\000u\000\040\001\021\036\323\000\040\000t\000h\000u\036\255\000t\000\040\000t\000o\000\341\000n}{section.2}% 11
\BOOKMARK [2][-]{subsection.2.5}{\376\377\000D\036\357\000\040\000l\000i\036\307\000u\000,\000\040\000p\000h\036\345\000\040\000t\000h\000u\036\331\000c\000\040\000v\000\340\000\040\000c\000h\000i\000\040\000p\000h\000\355}{section.2}% 12
\BOOKMARK [2][-]{subsection.2.6}{\376\377\001\020\000\341\000n\000h\000\040\000g\000i\000\341\000\040\000h\000i\036\307\000u\000\040\000n\001\003\000n\000g}{section.2}% 13
\BOOKMARK [1][-]{section.3}{\376\377\000C\000h\000a\000l\000l\000e\000n\000g\000e\000\040\0002\000:\000\040\000S\036\321\000\040\000F\000i\000b\000o\000n\000a\000c\000c\000i\000\040\000m\000o\000d\000u\000l\000o}{}% 14
\BOOKMARK [2][-]{subsection.3.1}{\376\377\000H\000i\036\307\000n\000\040\000t\000h\036\361\000c\000\040\001\021\000\343\000\040\000x\000\342\000y\000\040\000d\036\361\000n\000g}{section.3}% 15
\BOOKMARK [2][-]{subsection.3.2}{\376\377\000P\000h\000\342\000n\000\040\000t\000\355\000c\000h\000\040\000s\000o\000n\000g\000\040\000s\000o\000n\000g\000\040\000h\000\363\000a}{section.3}% 16
\BOOKMARK [2][-]{subsection.3.3}{\376\377\000T\000h\000i\036\277\000t\000\040\000k\036\277\000\040\000t\000h\000u\036\255\000t\000\040\000t\000o\000\341\000n\000\040\000s\000o\000n\000g\000\040\000s\000o\000n\000g}{section.3}% 17
\BOOKMARK [2][-]{subsection.3.4}{\376\377\000L\001\260\000u\000\040\001\021\036\323\000\040\000t\000h\000u\036\255\000t\000\040\000t\000o\000\341\000n}{section.3}% 18
\BOOKMARK [2][-]{subsection.3.5}{\376\377\000D\036\357\000\040\000l\000i\036\307\000u\000,\000\040\000p\000h\036\345\000\040\000t\000h\000u\036\331\000c\000\040\000v\000\340\000\040\000c\000h\000i\000\040\000p\000h\000\355}{section.3}% 19
\BOOKMARK [2][-]{subsection.3.6}{\376\377\001\020\000\341\000n\000h\000\040\000g\000i\000\341\000\040\000h\000i\036\307\000u\000\040\000n\001\003\000n\000g}{section.3}% 20
\BOOKMARK [1][-]{section.4}{\376\377\000C\000h\000a\000l\000l\000e\000n\000g\000e\000\040\0003\000:\000\040\000N\000h\000\342\000n\000\040\000h\000a\000i\000\040\000m\000a\000\040\000t\000r\036\255\000n}{}% 21
\BOOKMARK [2][-]{subsection.4.1}{\376\377\000H\000i\036\307\000n\000\040\000t\000h\036\361\000c\000\040\001\021\000\343\000\040\000x\000\342\000y\000\040\000d\036\361\000n\000g}{section.4}% 22
\BOOKMARK [2][-]{subsection.4.2}{\376\377\000P\000h\000\342\000n\000\040\000t\000\355\000c\000h\000\040\000s\000o\000n\000g\000\040\000s\000o\000n\000g\000\040\000h\000\363\000a}{section.4}% 23
\BOOKMARK [2][-]{subsection.4.3}{\376\377\000T\000h\000i\036\277\000t\000\040\000k\036\277\000\040\000t\000h\000u\036\255\000t\000\040\000t\000o\000\341\000n\000\040\000s\000o\000n\000g\000\040\000s\000o\000n\000g}{section.4}% 24
\BOOKMARK [2][-]{subsection.4.4}{\376\377\000L\001\260\000u\000\040\001\021\036\323\000\040\000t\000h\000u\036\255\000t\000\040\000t\000o\000\341\000n}{section.4}% 25
\BOOKMARK [2][-]{subsection.4.5}{\376\377\000D\036\357\000\040\000l\000i\036\307\000u\000,\000\040\000p\000h\036\345\000\040\000t\000h\000u\036\331\000c\000\040\000v\000\340\000\040\000c\000h\000i\000\040\000p\000h\000\355}{section.4}% 26
\BOOKMARK [2][-]{subsection.4.6}{\376\377\001\020\000\341\000n\000h\000\040\000g\000i\000\341\000\040\000h\000i\036\307\000u\000\040\000n\001\003\000n\000g}{section.4}% 27
\BOOKMARK [1][-]{section.5}{\376\377\000C\000h\000a\000l\000l\000e\000n\000g\000e\000\040\0004\000:\000\040\000S\036\257\000p\000\040\000x\036\277\000p\000\040\000m\036\243\000n\000g\000\040\000m\036\331\000t\000\040\000c\000h\000i\036\301\000u}{}% 28
\BOOKMARK [2][-]{subsection.5.1}{\376\377\000H\000i\036\307\000n\000\040\000t\000h\036\361\000c\000\040\001\021\000\343\000\040\000x\000\342\000y\000\040\000d\036\361\000n\000g}{section.5}% 29
\BOOKMARK [2][-]{subsection.5.2}{\376\377\000P\000h\000\342\000n\000\040\000t\000\355\000c\000h\000\040\000s\000o\000n\000g\000\040\000s\000o\000n\000g\000\040\000h\000\363\000a}{section.5}% 30
\BOOKMARK [2][-]{subsection.5.3}{\376\377\000T\000h\000i\036\277\000t\000\040\000k\036\277\000\040\000t\000h\000u\036\255\000t\000\040\000t\000o\000\341\000n\000\040\000s\000o\000n\000g\000\040\000s\000o\000n\000g}{section.5}% 31
\BOOKMARK [2][-]{subsection.5.4}{\376\377\000L\001\260\000u\000\040\001\021\036\323\000\040\000t\000h\000u\036\255\000t\000\040\000t\000o\000\341\000n}{section.5}% 32
\BOOKMARK [2][-]{subsection.5.5}{\376\377\000T\000\355\000n\000h\000\040\036\325\000n\000\040\001\021\036\313\000n\000h}{section.5}% 33
\BOOKMARK [2][-]{subsection.5.6}{\376\377\000D\036\357\000\040\000l\000i\036\307\000u\000,\000\040\000p\000h\036\345\000\040\000t\000h\000u\036\331\000c\000\040\000v\000\340\000\040\000c\000h\000i\000\040\000p\000h\000\355}{section.5}% 34
\BOOKMARK [2][-]{subsection.5.7}{\376\377\001\020\000\341\000n\000h\000\040\000g\000i\000\341\000\040\000h\000i\036\307\000u\000\040\000n\001\003\000n\000g}{section.5}% 35
\BOOKMARK [1][-]{section.6}{\376\377\000C\000h\000a\000l\000l\000e\000n\000g\000e\000\040\0005\000:\000\040\000T\000\354\000m\000\040\000k\000i\036\277\000m\000\040\000t\000r\000o\000n\000g\000\040\000m\036\243\000n\000g\000\040\000s\036\321\000\040\000n\000g\000u\000y\000\352\000n\000\040\000l\036\333\000n}{}% 36
\BOOKMARK [2][-]{subsection.6.1}{\376\377\000H\000i\036\307\000n\000\040\000t\000r\036\241\000n\000g\000\040\000m\000\343\000\040\000n\000g\000u\036\323\000n}{section.6}% 37
\BOOKMARK [2][-]{subsection.6.2}{\376\377\000T\000h\000i\036\277\000t\000\040\000k\036\277\000\040\001\021\036\301\000\040\000x\000u\036\245\000t}{section.6}% 38
\BOOKMARK [2][-]{subsection.6.3}{\376\377\000T\000h\000i\036\277\000t\000\040\000k\036\277\000\040\000t\000h\000u\036\255\000t\000\040\000t\000o\000\341\000n\000\040\000s\000o\000n\000g\000\040\000s\000o\000n\000g}{section.6}% 39
\BOOKMARK [2][-]{subsection.6.4}{\376\377\000L\001\260\000u\000\040\001\021\036\323\000\040\000t\000h\000u\036\255\000t\000\040\000t\000o\000\341\000n}{section.6}% 40
\BOOKMARK [2][-]{subsection.6.5}{\376\377\000D\036\357\000\040\000l\000i\036\307\000u\000,\000\040\000p\000h\036\345\000\040\000t\000h\000u\036\331\000c\000\040\000v\000\340\000\040\000c\000h\000i\000\040\000p\000h\000\355}{section.6}% 41
\BOOKMARK [2][-]{subsection.6.6}{\376\377\001\020\000\341\000n\000h\000\040\000g\000i\000\341\000\040\000h\000i\036\307\000u\000\040\000n\001\003\000n\000g}{section.6}% 42
\BOOKMARK [1][-]{section.7}{\376\377\000C\000h\000a\000l\000l\000e\000n\000g\000e\000\040\0006\000:\000\040\000P\000h\000\342\000n\000\040\000t\000\355\000c\000h\000\040\000k\000h\000\364\000n\000g\000\040\000g\000i\000a\000n\000\040\000n\000h\000\372\000n\000g}{}% 43
\BOOKMARK [2][-]{subsection.7.1}{\376\377\000H\000i\036\307\000n\000\040\000t\000h\036\361\000c\000\040\001\021\000\343\000\040\000x\000\342\000y\000\040\000d\036\361\000n\000g}{section.7}% 44
\BOOKMARK [2][-]{subsection.7.2}{\376\377\000P\000h\000\342\000n\000\040\000t\000\355\000c\000h\000\040\000s\000o\000n\000g\000\040\000s\000o\000n\000g\000\040\000h\000\363\000a}{section.7}% 45
\BOOKMARK [2][-]{subsection.7.3}{\376\377\000T\000h\000i\036\277\000t\000\040\000k\036\277\000\040\000t\000h\000u\036\255\000t\000\040\000t\000o\000\341\000n\000\040\000s\000o\000n\000g\000\040\000s\000o\000n\000g}{section.7}% 46
\BOOKMARK [2][-]{subsection.7.4}{\376\377\000L\001\260\000u\000\040\001\021\036\323\000\040\000t\000h\000u\036\255\000t\000\040\000t\000o\000\341\000n}{section.7}% 47
\BOOKMARK [2][-]{subsection.7.5}{\376\377\000D\036\357\000\040\000l\000i\036\307\000u\000,\000\040\000p\000h\036\345\000\040\000t\000h\000u\036\331\000c\000\040\000v\000\340\000\040\000c\000h\000i\000\040\000p\000h\000\355}{section.7}% 48
\BOOKMARK [2][-]{subsection.7.6}{\376\377\001\020\000\341\000n\000h\000\040\000g\000i\000\341\000\040\000h\000i\036\307\000u\000\040\000n\001\003\000n\000g}{section.7}% 49
\BOOKMARK [1][-]{section.8}{\376\377\000K\036\277\000t\000\040\000l\000u\036\255\000n}{}% 50
\BOOKMARK [2][-]{subsection.8.1}{\376\377\000T\036\325\000n\000g\000\040\000h\036\343\000p\000\040\000k\036\277\000t\000\040\000q\000u\036\243}{section.8}% 51
\BOOKMARK [2][-]{subsection.8.2}{\376\377\000N\000h\036\255\000n\000\040\001\021\036\313\000n\000h\000\040\000c\000h\000u\000n\000g}{section.8}% 52
\BOOKMARK [2][-]{subsection.8.3}{\376\377\000C\000h\000e\000c\000k\000l\000i\000s\000t\000\040\000t\000r\001\260\036\333\000c\000\040\000k\000h\000i\000\040\000n\036\331\000p}{section.8}% 53
\BOOKMARK [1][-]{appendix.A}{\376\377\000P\000h\036\345\000\040\000l\036\345\000c\000:\000\040\000M\036\253\000u\000\040\001\021\000o\000\040\000h\000i\036\307\000u\000\040\000n\001\003\000n\000g}{}% 54
\BOOKMARK [1][-]{appendix.B}{\376\377\000P\000h\036\345\000\040\000l\036\345\000c\000:\000\040\000M\036\253\000u\000\040\000p\000h\000i\000\352\000n\000\040\000b\036\243\000n\000\040\000t\000u\036\247\000n\000\040\000t\036\361\000\040\000t\000h\000a\000m\000\040\000c\000h\000i\036\277\000u}{}% 55
\BOOKMARK [1][-]{appendix.C}{\376\377\000P\000h\036\345\000\040\000l\036\345\000c\000:\000\040\000C\000h\000e\000c\000k\000l\000i\000s\000t\000\040\000n\036\331\000i\000\040\000d\000u\000n\000g\000\040\000t\000h\000e\000o\000\040\001\021\036\301}{}% 56
